# generated on Fri Aug  2 23:52:18 2024
# Top Cell: FIR_Fliter

------------------------------------------------------------
          timeDesign Summary                             
------------------------------------------------------------

+--------------------+---------+---------+---------+---------+---------+---------+
|     Hold mode      |   all   | reg2reg | in2reg  | reg2out | in2out  | clkgate |
+--------------------+---------+---------+---------+---------+---------+---------+
|           WNS (ns):|  0.135  |  0.135  |   N/A   | 30.648  |   N/A   |   N/A   |
|           TNS (ns):|  0.000  |  0.000  |   N/A   |  0.000  |   N/A   |   N/A   |
|    Violating Paths:|    0    |    0    |   N/A   |    0    |   N/A   |   N/A   |
|          All Paths:|   116   |   100   |   N/A   |   16    |   N/A   |   N/A   |
+--------------------+---------+---------+---------+---------+---------+---------+

Density: 75.775%
Routing Overflow: 0.00% H and 0.13% V
------------------------------------------------------------
